build-and-deploy	Set up job	ï»¿2026-02-09T02:42:55.3650451Z Current runner version: '2.331.0'
build-and-deploy	Set up job	2026-02-09T02:42:55.3676236Z ##[group]Runner Image Provisioner
build-and-deploy	Set up job	2026-02-09T02:42:55.3677156Z Hosted Compute Agent
build-and-deploy	Set up job	2026-02-09T02:42:55.3677749Z Version: 20260123.484
build-and-deploy	Set up job	2026-02-09T02:42:55.3678309Z Commit: 6bd6555ca37d84114959e1c76d2c01448ff61c5d
build-and-deploy	Set up job	2026-02-09T02:42:55.3679038Z Build Date: 2026-01-23T19:41:17Z
build-and-deploy	Set up job	2026-02-09T02:42:55.3679673Z Worker ID: {bf449146-5d3e-42c9-aa07-1793c689b3b6}
build-and-deploy	Set up job	2026-02-09T02:42:55.3680395Z Azure Region: northcentralus
build-and-deploy	Set up job	2026-02-09T02:42:55.3680925Z ##[endgroup]
build-and-deploy	Set up job	2026-02-09T02:42:55.3682437Z ##[group]Operating System
build-and-deploy	Set up job	2026-02-09T02:42:55.3683054Z Ubuntu
build-and-deploy	Set up job	2026-02-09T02:42:55.3683472Z 24.04.3
build-and-deploy	Set up job	2026-02-09T02:42:55.3684018Z LTS
build-and-deploy	Set up job	2026-02-09T02:42:55.3684474Z ##[endgroup]
build-and-deploy	Set up job	2026-02-09T02:42:55.3684958Z ##[group]Runner Image
build-and-deploy	Set up job	2026-02-09T02:42:55.3685545Z Image: ubuntu-24.04
build-and-deploy	Set up job	2026-02-09T02:42:55.3686248Z Version: 20260201.15.1
build-and-deploy	Set up job	2026-02-09T02:42:55.3687208Z Included Software: https://github.com/actions/runner-images/blob/ubuntu24/20260201.15/images/ubuntu/Ubuntu2404-Readme.md
build-and-deploy	Set up job	2026-02-09T02:42:55.3688911Z Image Release: https://github.com/actions/runner-images/releases/tag/ubuntu24%2F20260201.15
build-and-deploy	Set up job	2026-02-09T02:42:55.3689786Z ##[endgroup]
build-and-deploy	Set up job	2026-02-09T02:42:55.3690813Z ##[group]GITHUB_TOKEN Permissions
build-and-deploy	Set up job	2026-02-09T02:42:55.3692739Z Contents: write
build-and-deploy	Set up job	2026-02-09T02:42:55.3693360Z Metadata: read
build-and-deploy	Set up job	2026-02-09T02:42:55.3694015Z ##[endgroup]
build-and-deploy	Set up job	2026-02-09T02:42:55.3696173Z Secret source: Actions
build-and-deploy	Set up job	2026-02-09T02:42:55.3696932Z Prepare workflow directory
build-and-deploy	Set up job	2026-02-09T02:42:55.4031841Z Prepare all required actions
build-and-deploy	Set up job	2026-02-09T02:42:55.4070076Z Getting action download info
build-and-deploy	Set up job	2026-02-09T02:42:55.7186946Z Download action repository 'actions/checkout@v4' (SHA:34e114876b0b11c390a56381ad16ebd13914f8d5)
build-and-deploy	Set up job	2026-02-09T02:42:55.8340745Z Download action repository 'actions/setup-node@v4' (SHA:49933ea5288caeca8642d1e84afbd3f7d6820020)
build-and-deploy	Set up job	2026-02-09T02:42:55.9295679Z Download action repository 'JamesIves/github-pages-deploy-action@v4' (SHA:d92aa235d04922e8f08b40ce78cc5442fcfbfa2f)
build-and-deploy	Set up job	2026-02-09T02:42:57.2843664Z Complete job name: build-and-deploy
build-and-deploy	Checkout	ï»¿2026-02-09T02:42:57.3703852Z ##[group]Run actions/checkout@v4
build-and-deploy	Checkout	2026-02-09T02:42:57.3705122Z with:
build-and-deploy	Checkout	2026-02-09T02:42:57.3706233Z   repository: mnakagaw/dashboard-municipal
build-and-deploy	Checkout	2026-02-09T02:42:57.3707656Z   token: ***
build-and-deploy	Checkout	2026-02-09T02:42:57.3708310Z   ssh-strict: true
build-and-deploy	Checkout	2026-02-09T02:42:57.3708992Z   ssh-user: git
build-and-deploy	Checkout	2026-02-09T02:42:57.3709684Z   persist-credentials: true
build-and-deploy	Checkout	2026-02-09T02:42:57.3710482Z   clean: true
build-and-deploy	Checkout	2026-02-09T02:42:57.3711204Z   sparse-checkout-cone-mode: true
build-and-deploy	Checkout	2026-02-09T02:42:57.3712087Z   fetch-depth: 1
build-and-deploy	Checkout	2026-02-09T02:42:57.3712758Z   fetch-tags: false
build-and-deploy	Checkout	2026-02-09T02:42:57.3713476Z   show-progress: true
build-and-deploy	Checkout	2026-02-09T02:42:57.3714205Z   lfs: false
build-and-deploy	Checkout	2026-02-09T02:42:57.3714869Z   submodules: false
build-and-deploy	Checkout	2026-02-09T02:42:57.3715638Z   set-safe-directory: true
build-and-deploy	Checkout	2026-02-09T02:42:57.3716888Z ##[endgroup]
build-and-deploy	Checkout	2026-02-09T02:42:57.4850675Z Syncing repository: mnakagaw/dashboard-municipal
build-and-deploy	Checkout	2026-02-09T02:42:57.4853275Z ##[group]Getting Git version info
build-and-deploy	Checkout	2026-02-09T02:42:57.4854798Z Working directory is '/home/runner/work/dashboard-municipal/dashboard-municipal'
build-and-deploy	Checkout	2026-02-09T02:42:57.4857078Z [command]/usr/bin/git version
build-and-deploy	Checkout	2026-02-09T02:42:57.4921998Z git version 2.52.0
build-and-deploy	Checkout	2026-02-09T02:42:57.4949143Z ##[endgroup]
build-and-deploy	Checkout	2026-02-09T02:42:57.4973846Z Temporarily overriding HOME='/home/runner/work/_temp/289fe4f2-9885-4de4-aad3-6f3e97c5a851' before making global git config changes
build-and-deploy	Checkout	2026-02-09T02:42:57.4980392Z Adding repository directory to the temporary git global config as a safe directory
build-and-deploy	Checkout	2026-02-09T02:42:57.4982871Z [command]/usr/bin/git config --global --add safe.directory /home/runner/work/dashboard-municipal/dashboard-municipal
build-and-deploy	Checkout	2026-02-09T02:42:57.5031043Z Deleting the contents of '/home/runner/work/dashboard-municipal/dashboard-municipal'
build-and-deploy	Checkout	2026-02-09T02:42:57.5036001Z ##[group]Initializing the repository
build-and-deploy	Checkout	2026-02-09T02:42:57.5041856Z [command]/usr/bin/git init /home/runner/work/dashboard-municipal/dashboard-municipal
build-and-deploy	Checkout	2026-02-09T02:42:57.5159455Z hint: Using 'master' as the name for the initial branch. This default branch name
build-and-deploy	Checkout	2026-02-09T02:42:57.5162459Z hint: will change to "main" in Git 3.0. To configure the initial branch name
build-and-deploy	Checkout	2026-02-09T02:42:57.5164971Z hint: to use in all of your new repositories, which will suppress this warning,
build-and-deploy	Checkout	2026-02-09T02:42:57.5167523Z hint: call:
build-and-deploy	Checkout	2026-02-09T02:42:57.5168602Z hint:
build-and-deploy	Checkout	2026-02-09T02:42:57.5170306Z hint: 	git config --global init.defaultBranch <name>
build-and-deploy	Checkout	2026-02-09T02:42:57.5172161Z hint:
build-and-deploy	Checkout	2026-02-09T02:42:57.5173800Z hint: Names commonly chosen instead of 'master' are 'main', 'trunk' and
build-and-deploy	Checkout	2026-02-09T02:42:57.5177015Z hint: 'development'. The just-created branch can be renamed via this command:
build-and-deploy	Checkout	2026-02-09T02:42:57.5179402Z hint:
build-and-deploy	Checkout	2026-02-09T02:42:57.5180472Z hint: 	git branch -m <name>
build-and-deploy	Checkout	2026-02-09T02:42:57.5181717Z hint:
build-and-deploy	Checkout	2026-02-09T02:42:57.5183471Z hint: Disable this message with "git config set advice.defaultBranchName false"
build-and-deploy	Checkout	2026-02-09T02:42:57.5186438Z Initialized empty Git repository in /home/runner/work/dashboard-municipal/dashboard-municipal/.git/
build-and-deploy	Checkout	2026-02-09T02:42:57.5189895Z [command]/usr/bin/git remote add origin https://github.com/mnakagaw/dashboard-municipal
build-and-deploy	Checkout	2026-02-09T02:42:57.5216087Z ##[endgroup]
build-and-deploy	Checkout	2026-02-09T02:42:57.5218281Z ##[group]Disabling automatic garbage collection
build-and-deploy	Checkout	2026-02-09T02:42:57.5220383Z [command]/usr/bin/git config --local gc.auto 0
build-and-deploy	Checkout	2026-02-09T02:42:57.5252253Z ##[endgroup]
build-and-deploy	Checkout	2026-02-09T02:42:57.5254258Z ##[group]Setting up auth
build-and-deploy	Checkout	2026-02-09T02:42:57.5260480Z [command]/usr/bin/git config --local --name-only --get-regexp core\.sshCommand
build-and-deploy	Checkout	2026-02-09T02:42:57.5294022Z [command]/usr/bin/git submodule foreach --recursive sh -c "git config --local --name-only --get-regexp 'core\.sshCommand' && git config --local --unset-all 'core.sshCommand' || :"
build-and-deploy	Checkout	2026-02-09T02:42:57.5662124Z [command]/usr/bin/git config --local --name-only --get-regexp http\.https\:\/\/github\.com\/\.extraheader
build-and-deploy	Checkout	2026-02-09T02:42:57.5695936Z [command]/usr/bin/git submodule foreach --recursive sh -c "git config --local --name-only --get-regexp 'http\.https\:\/\/github\.com\/\.extraheader' && git config --local --unset-all 'http.https://github.com/.extraheader' || :"
build-and-deploy	Checkout	2026-02-09T02:42:57.5927550Z [command]/usr/bin/git config --local --name-only --get-regexp ^includeIf\.gitdir:
build-and-deploy	Checkout	2026-02-09T02:42:57.5962831Z [command]/usr/bin/git submodule foreach --recursive git config --local --show-origin --name-only --get-regexp remote.origin.url
build-and-deploy	Checkout	2026-02-09T02:42:57.6190510Z [command]/usr/bin/git config --local http.https://github.com/.extraheader AUTHORIZATION: basic ***
build-and-deploy	Checkout	2026-02-09T02:42:57.6225482Z ##[endgroup]
build-and-deploy	Checkout	2026-02-09T02:42:57.6233684Z ##[group]Fetching the repository
build-and-deploy	Checkout	2026-02-09T02:42:57.6236520Z [command]/usr/bin/git -c protocol.version=2 fetch --no-tags --prune --no-recurse-submodules --depth=1 origin +3a7379ed8050b8625af750cf2e41350e078fac9d:refs/remotes/origin/main
build-and-deploy	Checkout	2026-02-09T02:42:57.8882410Z From https://github.com/mnakagaw/dashboard-municipal
build-and-deploy	Checkout	2026-02-09T02:42:57.8883551Z  * [new ref]         3a7379ed8050b8625af750cf2e41350e078fac9d -> origin/main
build-and-deploy	Checkout	2026-02-09T02:42:57.8914883Z ##[endgroup]
build-and-deploy	Checkout	2026-02-09T02:42:57.8915467Z ##[group]Determining the checkout info
build-and-deploy	Checkout	2026-02-09T02:42:57.8917832Z ##[endgroup]
build-and-deploy	Checkout	2026-02-09T02:42:57.8923055Z [command]/usr/bin/git sparse-checkout disable
build-and-deploy	Checkout	2026-02-09T02:42:57.8964889Z [command]/usr/bin/git config --local --unset-all extensions.worktreeConfig
build-and-deploy	Checkout	2026-02-09T02:42:57.8991212Z ##[group]Checking out the ref
build-and-deploy	Checkout	2026-02-09T02:42:57.8995231Z [command]/usr/bin/git checkout --progress --force -B main refs/remotes/origin/main
build-and-deploy	Checkout	2026-02-09T02:42:57.9077735Z Switched to a new branch 'main'
build-and-deploy	Checkout	2026-02-09T02:42:57.9080187Z branch 'main' set up to track 'origin/main'.
build-and-deploy	Checkout	2026-02-09T02:42:57.9087009Z ##[endgroup]
build-and-deploy	Checkout	2026-02-09T02:42:57.9122434Z [command]/usr/bin/git log -1 --format=%H
build-and-deploy	Checkout	2026-02-09T02:42:57.9144434Z 3a7379ed8050b8625af750cf2e41350e078fac9d
build-and-deploy	Install and Build	ï»¿2026-02-09T02:42:57.9383667Z ##[group]Run actions/setup-node@v4
build-and-deploy	Install and Build	2026-02-09T02:42:57.9384147Z with:
build-and-deploy	Install and Build	2026-02-09T02:42:57.9384472Z   node-version: 20
build-and-deploy	Install and Build	2026-02-09T02:42:57.9384804Z   cache: npm
build-and-deploy	Install and Build	2026-02-09T02:42:57.9385118Z   always-auth: false
build-and-deploy	Install and Build	2026-02-09T02:42:57.9385463Z   check-latest: false
build-and-deploy	Install and Build	2026-02-09T02:42:57.9386332Z   token: ***
build-and-deploy	Install and Build	2026-02-09T02:42:57.9386656Z ##[endgroup]
build-and-deploy	Install and Build	2026-02-09T02:42:58.1173139Z Found in cache @ /opt/hostedtoolcache/node/20.20.0/x64
build-and-deploy	Install and Build	2026-02-09T02:42:58.1179802Z ##[group]Environment details
build-and-deploy	Install and Build	2026-02-09T02:42:58.5337813Z node: v20.20.0
build-and-deploy	Install and Build	2026-02-09T02:42:58.5340385Z npm: 10.8.2
build-and-deploy	Install and Build	2026-02-09T02:42:58.5340991Z yarn: 1.22.22
build-and-deploy	Install and Build	2026-02-09T02:42:58.5342339Z ##[endgroup]
build-and-deploy	Install and Build	2026-02-09T02:42:58.5363402Z [command]/opt/hostedtoolcache/node/20.20.0/x64/bin/npm config get cache
build-and-deploy	Install and Build	2026-02-09T02:42:58.6544030Z /home/runner/.npm
build-and-deploy	Install and Build	2026-02-09T02:42:58.8372470Z npm cache is not found
build-and-deploy	Install Dependencies	ï»¿2026-02-09T02:42:58.8498642Z ##[group]Run npm ci --legacy-peer-deps
build-and-deploy	Install Dependencies	2026-02-09T02:42:58.8499186Z [36;1mnpm ci --legacy-peer-deps[0m
build-and-deploy	Install Dependencies	2026-02-09T02:42:58.8542293Z shell: /usr/bin/bash -e {0}
build-and-deploy	Install Dependencies	2026-02-09T02:42:58.8542707Z ##[endgroup]
build-and-deploy	Install Dependencies	2026-02-09T02:43:04.8785281Z 
build-and-deploy	Install Dependencies	2026-02-09T02:43:04.8794321Z added 295 packages, and audited 296 packages in 6s
build-and-deploy	Install Dependencies	2026-02-09T02:43:04.8794943Z 
build-and-deploy	Install Dependencies	2026-02-09T02:43:04.8795270Z 111 packages are looking for funding
build-and-deploy	Install Dependencies	2026-02-09T02:43:04.8796012Z   run `npm fund` for details
build-and-deploy	Install Dependencies	2026-02-09T02:43:04.8879766Z 
build-and-deploy	Install Dependencies	2026-02-09T02:43:04.8880709Z 4 vulnerabilities (3 moderate, 1 critical)
build-and-deploy	Install Dependencies	2026-02-09T02:43:04.8881312Z 
build-and-deploy	Install Dependencies	2026-02-09T02:43:04.8881872Z To address all issues (including breaking changes), run:
build-and-deploy	Install Dependencies	2026-02-09T02:43:04.8882679Z   npm audit fix --force
build-and-deploy	Install Dependencies	2026-02-09T02:43:04.8887275Z 
build-and-deploy	Install Dependencies	2026-02-09T02:43:04.8887562Z Run `npm audit` for details.
build-and-deploy	Build	ï»¿2026-02-09T02:43:04.9190222Z ##[group]Run export NODE_OPTIONS="--max-old-space-size=4096"
build-and-deploy	Build	2026-02-09T02:43:04.9190744Z [36;1mexport NODE_OPTIONS="--max-old-space-size=4096"[0m
build-and-deploy	Build	2026-02-09T02:43:04.9191060Z [36;1mnpm run build[0m
build-and-deploy	Build	2026-02-09T02:43:04.9222312Z shell: /usr/bin/bash -e {0}
build-and-deploy	Build	2026-02-09T02:43:04.9222563Z ##[endgroup]
build-and-deploy	Build	2026-02-09T02:43:05.0472499Z 
build-and-deploy	Build	2026-02-09T02:43:05.0473580Z > tu-municipio-dashboard-final@1.0.0 build
build-and-deploy	Build	2026-02-09T02:43:05.0474141Z > vite build
build-and-deploy	Build	2026-02-09T02:43:05.0474338Z 
build-and-deploy	Build	2026-02-09T02:43:05.3088751Z âœ˜ [ERROR] "@vitejs/plugin-react" resolved to an ESM file. ESM file cannot be loaded by `require`. See https://vite.dev/guide/troubleshooting.html#this-package-is-esm-only for more details. [plugin externalize-deps]
build-and-deploy	Build	2026-02-09T02:43:05.3090283Z 
build-and-deploy	Build	2026-02-09T02:43:05.3090556Z     node_modules/vite/node_modules/esbuild/lib/main.js:1225:27:
build-and-deploy	Build	2026-02-09T02:43:05.3091081Z       1225 â”‚         let result = await callback({
build-and-deploy	Build	2026-02-09T02:43:05.3091460Z            â•µ                            ^
build-and-deploy	Build	2026-02-09T02:43:05.3091639Z 
build-and-deploy	Build	2026-02-09T02:43:05.3092184Z     at file:///home/runner/work/dashboard-municipal/dashboard-municipal/node_modules/vite/dist/node/chunks/dep-BK3b2jBa.js:66928:23
build-and-deploy	Build	2026-02-09T02:43:05.3093227Z     at requestCallbacks.on-resolve (/home/runner/work/dashboard-municipal/dashboard-municipal/node_modules/vite/node_modules/esbuild/lib/main.js:1225:28)
build-and-deploy	Build	2026-02-09T02:43:05.3094340Z     at handleRequest (/home/runner/work/dashboard-municipal/dashboard-municipal/node_modules/vite/node_modules/esbuild/lib/main.js:647:17)
build-and-deploy	Build	2026-02-09T02:43:05.3095429Z     at handleIncomingPacket (/home/runner/work/dashboard-municipal/dashboard-municipal/node_modules/vite/node_modules/esbuild/lib/main.js:672:7)
build-and-deploy	Build	2026-02-09T02:43:05.3096735Z     at Socket.readFromStdout (/home/runner/work/dashboard-municipal/dashboard-municipal/node_modules/vite/node_modules/esbuild/lib/main.js:600:7)
build-and-deploy	Build	2026-02-09T02:43:05.3097416Z     at Socket.emit (node:events:524:28)
build-and-deploy	Build	2026-02-09T02:43:05.3097748Z     at addChunk (node:internal/streams/readable:561:12)
build-and-deploy	Build	2026-02-09T02:43:05.3098240Z     at readableAddChunkPushByteMode (node:internal/streams/readable:512:3)
build-and-deploy	Build	2026-02-09T02:43:05.3098722Z     at Readable.push (node:internal/streams/readable:392:5)
build-and-deploy	Build	2026-02-09T02:43:05.3099151Z     at Pipe.onStreamRead (node:internal/stream_base_commons:191:23)
build-and-deploy	Build	2026-02-09T02:43:05.3099416Z 
build-and-deploy	Build	2026-02-09T02:43:05.3099615Z   This error came from the "onResolve" callback registered here:
build-and-deploy	Build	2026-02-09T02:43:05.3099861Z 
build-and-deploy	Build	2026-02-09T02:43:05.3100052Z     node_modules/vite/node_modules/esbuild/lib/main.js:1150:20:
build-and-deploy	Build	2026-02-09T02:43:05.3100483Z       1150 â”‚       let promise = setup({
build-and-deploy	Build	2026-02-09T02:43:05.3101218Z            â•µ                     ^
build-and-deploy	Build	2026-02-09T02:43:05.3101379Z 
build-and-deploy	Build	2026-02-09T02:43:05.3101883Z     at setup (file:///home/runner/work/dashboard-municipal/dashboard-municipal/node_modules/vite/dist/node/chunks/dep-BK3b2jBa.js:66890:18)
build-and-deploy	Build	2026-02-09T02:43:05.3102868Z     at handlePlugins (/home/runner/work/dashboard-municipal/dashboard-municipal/node_modules/vite/node_modules/esbuild/lib/main.js:1150:21)
build-and-deploy	Build	2026-02-09T02:43:05.3103902Z     at buildOrContextImpl (/home/runner/work/dashboard-municipal/dashboard-municipal/node_modules/vite/node_modules/esbuild/lib/main.js:873:5)
build-and-deploy	Build	2026-02-09T02:43:05.3104923Z     at Object.buildOrContext (/home/runner/work/dashboard-municipal/dashboard-municipal/node_modules/vite/node_modules/esbuild/lib/main.js:699:5)
build-and-deploy	Build	2026-02-09T02:43:05.3106356Z     at /home/runner/work/dashboard-municipal/dashboard-municipal/node_modules/vite/node_modules/esbuild/lib/main.js:2023:15
build-and-deploy	Build	2026-02-09T02:43:05.3107399Z     at new Promise (<anonymous>)
build-and-deploy	Build	2026-02-09T02:43:05.3108573Z     at Object.build (/home/runner/work/dashboard-municipal/dashboard-municipal/node_modules/vite/node_modules/esbuild/lib/main.js:2022:25)
build-and-deploy	Build	2026-02-09T02:43:05.3110909Z     at build (/home/runner/work/dashboard-municipal/dashboard-municipal/node_modules/vite/node_modules/esbuild/lib/main.js:1873:51)
build-and-deploy	Build	2026-02-09T02:43:05.3112776Z     at bundleConfigFile (file:///home/runner/work/dashboard-municipal/dashboard-municipal/node_modules/vite/dist/node/chunks/dep-BK3b2jBa.js:66845:24)
build-and-deploy	Build	2026-02-09T02:43:05.3114090Z 
build-and-deploy	Build	2026-02-09T02:43:05.3114427Z   The plugin "externalize-deps" was triggered by this import
build-and-deploy	Build	2026-02-09T02:43:05.3114854Z 
build-and-deploy	Build	2026-02-09T02:43:05.3115012Z     vite.config.js:2:18:
build-and-deploy	Build	2026-02-09T02:43:05.3115695Z       2 â”‚ import react from "@vitejs/plugin-react";
build-and-deploy	Build	2026-02-09T02:43:05.3116680Z         â•µ                   ~~~~~~~~~~~~~~~~~~~~~~
build-and-deploy	Build	2026-02-09T02:43:05.3116957Z 
build-and-deploy	Build	2026-02-09T02:43:05.3117983Z [31mfailed to load config from /home/runner/work/dashboard-municipal/dashboard-municipal/vite.config.js[39m
build-and-deploy	Build	2026-02-09T02:43:05.3118959Z [31merror during build:
build-and-deploy	Build	2026-02-09T02:43:05.3119391Z Error: Build failed with 1 error:
build-and-deploy	Build	2026-02-09T02:43:05.3121589Z node_modules/vite/node_modules/esbuild/lib/main.js:1225:27: ERROR: [plugin: externalize-deps] "@vitejs/plugin-react" resolved to an ESM file. ESM file cannot be loaded by `require`. See https://vite.dev/guide/troubleshooting.html#this-package-is-esm-only for more details.
build-and-deploy	Build	2026-02-09T02:43:05.3124059Z     at failureErrorWithLog (/home/runner/work/dashboard-municipal/dashboard-municipal/node_modules/vite/node_modules/esbuild/lib/main.js:1472:15)
build-and-deploy	Build	2026-02-09T02:43:05.3125887Z     at /home/runner/work/dashboard-municipal/dashboard-municipal/node_modules/vite/node_modules/esbuild/lib/main.js:945:25
build-and-deploy	Build	2026-02-09T02:43:05.3126934Z     at runOnEndCallbacks (/home/runner/work/dashboard-municipal/dashboard-municipal/node_modules/vite/node_modules/esbuild/lib/main.js:1315:45)
build-and-deploy	Build	2026-02-09T02:43:05.3127979Z     at buildResponseToResult (/home/runner/work/dashboard-municipal/dashboard-municipal/node_modules/vite/node_modules/esbuild/lib/main.js:943:7)
build-and-deploy	Build	2026-02-09T02:43:05.3128964Z     at /home/runner/work/dashboard-municipal/dashboard-municipal/node_modules/vite/node_modules/esbuild/lib/main.js:970:16
build-and-deploy	Build	2026-02-09T02:43:05.3129967Z     at responseCallbacks.<computed> (/home/runner/work/dashboard-municipal/dashboard-municipal/node_modules/vite/node_modules/esbuild/lib/main.js:622:9)
build-and-deploy	Build	2026-02-09T02:43:05.3131046Z     at handleIncomingPacket (/home/runner/work/dashboard-municipal/dashboard-municipal/node_modules/vite/node_modules/esbuild/lib/main.js:677:12)
build-and-deploy	Build	2026-02-09T02:43:05.3132087Z     at Socket.readFromStdout (/home/runner/work/dashboard-municipal/dashboard-municipal/node_modules/vite/node_modules/esbuild/lib/main.js:600:7)
build-and-deploy	Build	2026-02-09T02:43:05.3132732Z     at Socket.emit (node:events:524:28)
build-and-deploy	Build	2026-02-09T02:43:05.3133174Z     at addChunk (node:internal/streams/readable:561:12)[39m
build-and-deploy	Build	2026-02-09T02:43:05.3268880Z ##[error]Process completed with exit code 1.
build-and-deploy	Post Checkout	ï»¿2026-02-09T02:43:05.3426679Z Post job cleanup.
build-and-deploy	Post Checkout	2026-02-09T02:43:05.4397269Z [command]/usr/bin/git version
build-and-deploy	Post Checkout	2026-02-09T02:43:05.4437970Z git version 2.52.0
build-and-deploy	Post Checkout	2026-02-09T02:43:05.4484007Z Temporarily overriding HOME='/home/runner/work/_temp/641e1108-d094-43d9-8d2b-d2195501bd27' before making global git config changes
build-and-deploy	Post Checkout	2026-02-09T02:43:05.4485556Z Adding repository directory to the temporary git global config as a safe directory
build-and-deploy	Post Checkout	2026-02-09T02:43:05.4502227Z [command]/usr/bin/git config --global --add safe.directory /home/runner/work/dashboard-municipal/dashboard-municipal
build-and-deploy	Post Checkout	2026-02-09T02:43:05.4539161Z [command]/usr/bin/git config --local --name-only --get-regexp core\.sshCommand
build-and-deploy	Post Checkout	2026-02-09T02:43:05.4573747Z [command]/usr/bin/git submodule foreach --recursive sh -c "git config --local --name-only --get-regexp 'core\.sshCommand' && git config --local --unset-all 'core.sshCommand' || :"
build-and-deploy	Post Checkout	2026-02-09T02:43:05.4819865Z [command]/usr/bin/git config --local --name-only --get-regexp http\.https\:\/\/github\.com\/\.extraheader
build-and-deploy	Post Checkout	2026-02-09T02:43:05.4843345Z http.https://github.com/.extraheader
build-and-deploy	Post Checkout	2026-02-09T02:43:05.4855525Z [command]/usr/bin/git config --local --unset-all http.https://github.com/.extraheader
build-and-deploy	Post Checkout	2026-02-09T02:43:05.4889755Z [command]/usr/bin/git submodule foreach --recursive sh -c "git config --local --name-only --get-regexp 'http\.https\:\/\/github\.com\/\.extraheader' && git config --local --unset-all 'http.https://github.com/.extraheader' || :"
build-and-deploy	Post Checkout	2026-02-09T02:43:05.5128408Z [command]/usr/bin/git config --local --name-only --get-regexp ^includeIf\.gitdir:
build-and-deploy	Post Checkout	2026-02-09T02:43:05.5164865Z [command]/usr/bin/git submodule foreach --recursive git config --local --show-origin --name-only --get-regexp remote.origin.url
build-and-deploy	Complete job	ï»¿2026-02-09T02:43:05.5509901Z Cleaning up orphan processes
